extension pg_trgm
extension plpgsql
function plex.clean_old_statistics_bandwidth()
function plex.clean_old_statistics_resources()
function plex.cleanup_statistics_bandwidth(days_to_keep integer)
function plex.fix_orphan_season_on_episode_insert()
function plex.fix_orphan_season_on_media_part_insert()
function plex.gin_extract_query_trgm(text, internal, smallint, internal, internal, internal, internal)
function plex.gin_extract_value_trgm(text, internal)
function plex.gin_trgm_consistent(internal, smallint, text, integer, internal, internal, internal, internal)
function plex.gin_trgm_triconsistent(internal, smallint, text, integer, internal, internal, internal)
function plex.group_concat(bigint)
function plex.group_concat(integer)
function plex.group_concat(text)
function plex.group_concat(text, text)
function plex.group_concat_bigint(state text, val bigint)
function plex.group_concat_int(state text, val integer)
function plex.group_concat_text(state text, val text)
function plex.gtrgm_compress(internal)
function plex.gtrgm_consistent(internal, text, smallint, oid, internal)
function plex.gtrgm_decompress(internal)
function plex.gtrgm_distance(internal, text, smallint, oid, internal)
function plex.gtrgm_in(cstring)
function plex.gtrgm_options(internal)
function plex.gtrgm_out(gtrgm)
function plex.gtrgm_penalty(internal, internal, internal)
function plex.gtrgm_picksplit(internal, internal)
function plex.gtrgm_same(gtrgm, gtrgm, internal)
function plex.gtrgm_union(internal, internal)
function plex.iif(condition boolean, true_val anyelement, false_val anyelement)
function plex.integer_equals_text(integer, text)
function plex.maybe_cleanup_statistics()
function plex.metadata_items_search_trigger()
function plex.prevent_cross_section_parent()
function plex.prevent_self_referential_parent()
function plex.reject_empty_statistics()
function plex.run_statistics_cleanup(p_days_to_keep integer)
function plex.set_available_at()
function plex.set_limit(real)
function plex.show_limit()
function plex.show_trgm(text)
function plex.similarity(text, text)
function plex.similarity_dist(text, text)
function plex.similarity_op(text, text)
function plex.sqlite_typeof(val anyelement)
function plex.strict_word_similarity(text, text)
function plex.strict_word_similarity_commutator_op(text, text)
function plex.strict_word_similarity_dist_commutator_op(text, text)
function plex.strict_word_similarity_dist_op(text, text)
function plex.strict_word_similarity_op(text, text)
function plex.tags_search_trigger()
function plex.text_equals_integer(text, integer)
function plex.unixepoch(ts text, modifier text)
function plex.word_similarity(text, text)
function plex.word_similarity_commutator_op(text, text)
function plex.word_similarity_dist_commutator_op(text, text)
function plex.word_similarity_dist_op(text, text)
function plex.word_similarity_op(text, text)
function public.eq_bool_int(b boolean, i integer)
function public.eq_int_bool(i integer, b boolean)
function public.json_valid(val text)
function public.jsonb_mergepatch(target jsonb, patch jsonb)
index plex.accounts_pkey
index plex.activities_pkey
index plex.blobs_pkey
index plex.custom_channels_pkey
index plex.devices_pkey
index plex.directories_pkey
index plex.download_queue_items_pkey
index plex.download_queues_pkey
index plex.external_metadata_sources_pkey
index plex.hub_templates_pkey
index plex.idx_activities_parent_id
index plex.idx_activities_started_at
index plex.idx_activities_type
index plex.idx_blobs_linked
index plex.idx_blobs_linked_type_id_blob_type
index plex.idx_devices_identifier
index plex.idx_directories_library_section
index plex.idx_directories_library_section_id
index plex.idx_directories_parent_directory_id
index plex.idx_directories_parent_id
index plex.idx_directories_path
index plex.idx_emi_source_id
index plex.idx_library_sections_uuid
index plex.idx_locations_lat
index plex.idx_locations_lon
index plex.idx_media_item_settings_account_id
index plex.idx_media_item_settings_composite
index plex.idx_media_item_settings_media_item_id
index plex.idx_media_items_deleted_at
index plex.idx_media_items_library_section
index plex.idx_media_items_library_section_id
index plex.idx_media_items_metadata_item_id
index plex.idx_media_items_section_id
index plex.idx_media_part_settings_account_id
index plex.idx_media_part_settings_composite
index plex.idx_media_part_settings_media_part_id
index plex.idx_media_parts_deleted_at
index plex.idx_media_parts_directory_id
index plex.idx_media_parts_file
index plex.idx_media_parts_hash
index plex.idx_media_parts_media_item_id
index plex.idx_media_streams_media_item_id
index plex.idx_media_streams_media_part_id
index plex.idx_media_streams_stream_type
index plex.idx_metadata_item_settings_account_guid
index plex.idx_metadata_item_settings_account_id
index plex.idx_metadata_item_settings_guid
index plex.idx_metadata_item_settings_last_viewed
index plex.idx_metadata_item_views_account_id
index plex.idx_metadata_item_views_guid
index plex.idx_metadata_items_absolute_index
index plex.idx_metadata_items_added_at
index plex.idx_metadata_items_changed_at
index plex.idx_metadata_items_fts
index plex.idx_metadata_items_guid
index plex.idx_metadata_items_hash
index plex.idx_metadata_items_id_section
index plex.idx_metadata_items_index
index plex.idx_metadata_items_library_section
index plex.idx_metadata_items_library_section_id
index plex.idx_metadata_items_metadata_type
index plex.idx_metadata_items_originally_available_at
index plex.idx_metadata_items_parent_id
index plex.idx_metadata_items_parent_type
index plex.idx_metadata_items_search
index plex.idx_metadata_items_section_type
index plex.idx_metadata_items_section_type_added
index plex.idx_metadata_items_section_type_sort
index plex.idx_metadata_items_title
index plex.idx_metadata_items_title_lower
index plex.idx_metadata_items_title_sort
index plex.idx_metadata_items_title_trgm
index plex.idx_metadata_items_type
index plex.idx_metadata_relations_metadata_item_id
index plex.idx_metadata_relations_related
index plex.idx_metadata_relations_related_id
index plex.idx_mia_account_id
index plex.idx_mia_metadata_item_id
index plex.idx_mis_markers_setting_id
index plex.idx_play_queue_items_queue_id
index plex.idx_plugins_identifier
index plex.idx_preferences_name
index plex.idx_section_locations_library_section_id
index plex.idx_statistics_media_at
index plex.idx_statistics_media_lookup
index plex.idx_statistics_media_timespan
index plex.idx_statistics_resources_at
index plex.idx_taggings_item_tag
index plex.idx_taggings_metadata_item_id
index plex.idx_taggings_tag_id
index plex.idx_taggings_tag_metadata
index plex.idx_tags_fts
index plex.idx_tags_key
index plex.idx_tags_metadata_item_id
index plex.idx_tags_tag
index plex.idx_tags_tag_type
index plex.library_section_permissions_pkey
index plex.library_sections_pkey
index plex.locatables_location_id_locatable_id_locatable_type_key
index plex.locatables_pkey
index plex.location_places_location_id_guid_key
index plex.location_places_pkey
index plex.locations_pkey
index plex.maintenance_control_pkey
index plex.media_grabs_pkey
index plex.media_item_settings_pkey
index plex.media_items_pkey
index plex.media_part_settings_pkey
index plex.media_parts_pkey
index plex.media_provider_resources_pkey
index plex.media_stream_settings_media_stream_id_account_id_key
index plex.media_stream_settings_pkey
index plex.media_streams_pkey
index plex.media_subscriptions_pkey
index plex.metadata_agent_provider_group_items_pkey
index plex.metadata_agent_provider_groups_pkey
index plex.metadata_agent_providers_pkey
index plex.metadata_item_accounts_pkey
index plex.metadata_item_clusterings_pkey
index plex.metadata_item_clusters_pkey
index plex.metadata_item_setting_markers_pkey
index plex.metadata_item_settings_account_guid_unique
index plex.metadata_item_settings_pkey
index plex.metadata_item_views_pkey
index plex.metadata_items_pkey
index plex.metadata_relations_pkey
index plex.play_queue_generators_pkey
index plex.play_queue_items_pkey
index plex.play_queues_pkey
index plex.plugin_prefixes_pkey
index plex.plugins_pkey
index plex.preferences_name_key
index plex.preferences_pkey
index plex.remote_id_translation_pkey
index plex.schema_migrations_pkey
index plex.section_locations_pkey
index plex.sqlite_column_types_pkey
index plex.statistics_bandwidth_account_id_device_id_timespan_at_lan_key
index plex.statistics_bandwidth_pkey
index plex.statistics_media_pkey
index plex.statistics_resources_pkey
index plex.taggings_pkey
index plex.tags_pkey
index plex.versioned_metadata_items_pkey
index plex.view_settings_pkey
operator plex.%(text, text)
operator plex.%>(text, text)
operator plex.%>>(text, text)
operator plex.<%(text, text)
operator plex.<->(text, text)
operator plex.<->>(text, text)
operator plex.<->>>(text, text)
operator plex.<<%(text, text)
operator plex.<<->(text, text)
operator plex.<<<->(text, text)
operator plex.=(integer, text)
operator plex.=(text, integer)
operator public.=(boolean, integer)
operator public.=(integer, boolean)
sequence plex.accounts_id_seq 1
sequence plex.activities_id_seq 2
sequence plex.blobs_id_seq unset
sequence plex.custom_channels_id_seq unset
sequence plex.devices_id_seq 1
sequence plex.directories_id_seq unset
sequence plex.download_queue_items_id_seq unset
sequence plex.download_queues_id_seq unset
sequence plex.external_metadata_sources_id_seq unset
sequence plex.hub_templates_id_seq unset
sequence plex.library_section_permissions_id_seq unset
sequence plex.library_sections_id_seq unset
sequence plex.locatables_id_seq unset
sequence plex.location_places_id_seq unset
sequence plex.locations_id_seq unset
sequence plex.media_grabs_id_seq unset
sequence plex.media_item_settings_id_seq unset
sequence plex.media_items_id_seq unset
sequence plex.media_part_settings_id_seq unset
sequence plex.media_parts_id_seq unset
sequence plex.media_provider_resources_id_seq unset
sequence plex.media_stream_settings_id_seq unset
sequence plex.media_streams_id_seq unset
sequence plex.media_subscriptions_id_seq unset
sequence plex.metadata_agent_provider_group_items_id_seq 4
sequence plex.metadata_agent_provider_groups_id_seq 4
sequence plex.metadata_agent_providers_id_seq 6
sequence plex.metadata_item_accounts_id_seq unset
sequence plex.metadata_item_clusterings_id_seq unset
sequence plex.metadata_item_clusters_id_seq unset
sequence plex.metadata_item_setting_markers_id_seq unset
sequence plex.metadata_item_settings_id_seq unset
sequence plex.metadata_item_views_id_seq unset
sequence plex.metadata_items_id_seq unset
sequence plex.metadata_relations_id_seq unset
sequence plex.play_queue_generators_id_seq unset
sequence plex.play_queue_items_id_seq unset
sequence plex.play_queues_id_seq unset
sequence plex.plugin_prefixes_id_seq 4
sequence plex.plugins_id_seq 7
sequence plex.preferences_id_seq 2
sequence plex.remote_id_translation_id_seq unset
sequence plex.schema_migrations_id_seq 446
sequence plex.section_locations_id_seq unset
sequence plex.statistics_bandwidth_id_seq unset
sequence plex.statistics_media_id_seq unset
sequence plex.statistics_resources_id_seq unset
sequence plex.taggings_id_seq unset
sequence plex.tags_id_seq 3
sequence plex.versioned_metadata_items_id_seq unset
sequence plex.view_settings_id_seq unset
table plex.accounts
table plex.activities
table plex.blobs
table plex.custom_channels
table plex.devices
table plex.directories
table plex.download_queue_items
table plex.download_queues
table plex.external_metadata_items
table plex.external_metadata_sources
table plex.fts4_metadata_titles
table plex.fts4_metadata_titles_icu
table plex.fts4_tag_titles
table plex.fts4_tag_titles_icu
table plex.hub_templates
table plex.library_section_permissions
table plex.library_sections
table plex.locatables
table plex.location_places
table plex.locations
table plex.locations_node
table plex.locations_parent
table plex.locations_rowid
table plex.maintenance_control
table plex.media_grabs
table plex.media_item_settings
table plex.media_items
table plex.media_part_settings
table plex.media_parts
table plex.media_provider_resources
table plex.media_stream_settings
table plex.media_streams
table plex.media_subscriptions
table plex.metadata_agent_provider_group_items
table plex.metadata_agent_provider_groups
table plex.metadata_agent_providers
table plex.metadata_item_accounts
table plex.metadata_item_clusterings
table plex.metadata_item_clusters
table plex.metadata_item_setting_markers
table plex.metadata_item_settings
table plex.metadata_item_views
table plex.metadata_items
table plex.metadata_relations
table plex.metadata_subscription_desired_items
table plex.play_queue_generators
table plex.play_queue_items
table plex.play_queues
table plex.plugin_prefixes
table plex.plugins
table plex.preferences
table plex.remote_id_translation
table plex.schema_migrations
table plex.section_locations
table plex.sqlite_column_types
table plex.statistics_bandwidth
table plex.statistics_media
table plex.statistics_resources
table plex.taggings
table plex.tags
table plex.versioned_metadata_items
table plex.view_settings
trigger plex.media_parts.trg_fix_orphan_season_media
trigger plex.metadata_items.check_cross_section_parent
trigger plex.metadata_items.metadata_items_search_update
trigger plex.metadata_items.metadata_items_set_available_at
trigger plex.metadata_items.prevent_self_ref_parent
trigger plex.metadata_items.trg_fix_orphan_season
trigger plex.statistics_media.statistics_media_reject_empty
trigger plex.statistics_resources.trg_clean_statistics_resources
trigger plex.tags.tags_search_update
rows plex.accounts 2
rows plex.activities 2
rows plex.blobs 0
rows plex.custom_channels 0
rows plex.devices 1
rows plex.directories 0
rows plex.download_queue_items 0
rows plex.download_queues 0
rows plex.external_metadata_items 0
rows plex.external_metadata_sources 0
rows plex.hub_templates 0
rows plex.library_section_permissions 0
rows plex.library_sections 0
rows plex.locatables 0
rows plex.location_places 0
rows plex.locations 0
rows plex.locations_node 0
rows plex.locations_parent 0
rows plex.locations_rowid 0
rows plex.maintenance_control 0
rows plex.media_grabs 0
rows plex.media_item_settings 0
rows plex.media_items 0
rows plex.media_part_settings 0
rows plex.media_parts 0
rows plex.media_provider_resources 0
rows plex.media_stream_settings 0
rows plex.media_streams 0
rows plex.media_subscriptions 0
rows plex.metadata_agent_provider_group_items 4
rows plex.metadata_agent_provider_groups 4
rows plex.metadata_agent_providers 6
rows plex.metadata_item_accounts 0
rows plex.metadata_item_clusterings 0
rows plex.metadata_item_clusters 0
rows plex.metadata_item_setting_markers 0
rows plex.metadata_item_settings 0
rows plex.metadata_item_views 0
rows plex.metadata_items 0
rows plex.metadata_relations 0
rows plex.metadata_subscription_desired_items 0
rows plex.play_queue_generators 0
rows plex.play_queue_items 0
rows plex.play_queues 0
rows plex.plugin_prefixes 2
rows plex.plugins 7
rows plex.preferences 1
rows plex.remote_id_translation 0
rows plex.schema_migrations 446
rows plex.section_locations 0
rows plex.sqlite_column_types 524
rows plex.statistics_bandwidth 0
rows plex.statistics_media 0
rows plex.statistics_resources 0
rows plex.taggings 0
rows plex.tags 3
rows plex.versioned_metadata_items 0
rows plex.view_settings 0
