index index_activities_on_parent_id
index index_activities_on_started_at
index index_blobs_on_linked_type
index index_blobs_on_linked_type_linked_guid_and_blob_type
index index_blobs_on_linked_type_linked_id_and_blob_type
index index_devices_on_identifier
index index_directories_on_deleted_at
index index_directories_on_parent_directory_id
index index_directories_on_path
index index_download_queue_items_on_queue_id
index index_download_queue_items_on_status
index index_download_queues_on_owner
index index_external_metadata_items_on_external_source_id
index index_external_metadata_items_on_metadata_type
index index_external_metadata_items_on_parent_title
index index_external_metadata_items_on_title
index index_external_metadata_sources_on_online
index index_external_metadata_sources_on_uri
index index_hub_templates_on_section_and_home_visibility
index index_library_section_permissions_on_account_id
index index_library_section_permissions_on_library_section_id
index index_library_sections_on_changed_at
index index_library_sections_on_metadata_agent_provider_group_id
index index_library_sections_on_name
index index_library_sections_on_name_sort
index index_locatables_on_geocoding_version
index index_locatables_on_locatable_id_and_locatable_type
index index_locatables_on_location_id_and_locatable_id_and_locatable_type
index index_location_places_on_location_id_and_guid
index index_media_item_settings_on_account_id
index index_media_item_settings_on_media_item_id
index index_media_items_on_begins_at
index index_media_items_on_channel_id
index index_media_items_on_channel_id_and_begins_at
index index_media_items_on_deleted_at
index index_media_items_on_ends_at
index index_media_items_on_library_section_id
index index_media_items_on_media_analysis_version
index index_media_items_on_metadata_item_id
index index_media_part_settings_on_account_id
index index_media_part_settings_on_changed_at
index index_media_part_settings_on_media_part_id
index index_media_parts_on_deleted_at
index index_media_parts_on_directory_id
index index_media_parts_on_file
index index_media_parts_on_hash
index index_media_parts_on_media_item_id
index index_media_parts_on_size
index index_media_stream_settings_on_media_stream_id_and_account_id
index index_media_streams_on_language
index index_media_streams_on_media_item_id
index index_media_streams_on_media_part_id
index index_metadata_agent_provider_group_items_on_metadata_agent_provider_group_id
index index_metadata_agent_provider_group_items_on_metadata_agent_provider_group_id_and_metadata_agent_provider_id
index index_metadata_agent_provider_group_items_on_metadata_agent_provider_id
index index_metadata_agent_provider_group_items_on_order
index index_metadata_agent_provider_groups_on_primary_identifier
index index_metadata_agent_providers_on_identifier
index index_metadata_agent_providers_on_online
index index_metadata_agent_providers_on_uri
index index_metadata_item_accounts_on_account_id
index index_metadata_item_accounts_on_metadata_item_id
index index_metadata_item_clusterings_on_metadata_item_cluster_id
index index_metadata_item_clusterings_on_metadata_item_id
index index_metadata_item_clusterings_on_version
index index_metadata_item_clusters_on_library_section_id
index index_metadata_item_clusters_on_title
index index_metadata_item_clusters_on_zoom_level
index index_metadata_item_setting_markers_on_metadata_item_setting_id
index index_metadata_item_setting_markers_on_updated_at
index index_metadata_item_settings_on_account_id
index index_metadata_item_settings_on_changed_at
index index_metadata_item_settings_on_guid
index index_metadata_item_settings_on_last_viewed_at
index index_metadata_item_settings_on_rating
index index_metadata_item_settings_on_skip_count
index index_metadata_item_settings_on_view_count
index index_metadata_item_settings_on_view_offset
index index_metadata_item_views_on_grandparent_guid
index index_metadata_item_views_on_guid
index index_metadata_item_views_on_library_section_id
index index_metadata_item_views_on_viewed_at
index index_metadata_items_on_absolute_index
index index_metadata_items_on_added_at
index index_metadata_items_on_changed_at
index index_metadata_items_on_created_at
index index_metadata_items_on_deleted_at
index index_metadata_items_on_edition_title
index index_metadata_items_on_guid
index index_metadata_items_on_hash
index index_metadata_items_on_index
index index_metadata_items_on_is_adult
index index_metadata_items_on_library_section_id
index index_metadata_items_on_library_section_id_and_metadata_type_and_added_at
index index_metadata_items_on_metadata_agent_provider_group_id
index index_metadata_items_on_metadata_type
index index_metadata_items_on_original_title
index index_metadata_items_on_originally_available_at
index index_metadata_items_on_parent_id
index index_metadata_items_on_remote
index index_metadata_items_on_resources_changed_at
index index_metadata_items_on_slug
index index_metadata_items_on_title
index index_metadata_items_on_title_sort
index index_metadata_relations_on_metadata_item_id
index index_metadata_relations_on_related_metadata_item_id
index index_metadata_relations_on_relation_type
index index_metadata_subscription_desired_items_on_remote_id
index index_metadata_subscription_desired_items_on_sub_id
index index_play_queue_generators_on_changed_at
index index_play_queue_generators_on_metadata_item_id
index index_play_queue_generators_on_order
index index_play_queue_generators_on_playlist_id
index index_play_queue_items_on_metadata_item_id
index index_play_queue_items_on_order
index index_play_queue_items_on_play_queue_id
index index_play_queues_on_account_id
index index_play_queues_on_client_identifier_and_account_id_and_metadata_type
index index_play_queues_on_playlist_id
index index_play_queues_on_sync_item_id
index index_plugin_prefixes_on_plugin_id
index index_preferences_on_name
index index_statistics_bandwidth_on_account_id_and_timespan_and_at
index index_statistics_bandwidth_on_at
index index_statistics_media_on_account_id_and_timespan_and_at
index index_statistics_media_on_at
index index_statistics_resources_on_at
index index_statistics_resources_on_timespan
index index_taggings_on_metadata_item_id
index index_taggings_on_tag_id
index index_tags_on_key
index index_tags_on_parent_id
index index_tags_on_tag
index index_tags_on_tag_type
index index_tags_on_tag_type_and_tag
index index_versioned_metadata_items_on_generator_id
index index_versioned_metadata_items_on_metadata_item_id
index index_versioned_metadata_items_on_selected_media_id
index index_versioned_metadata_items_on_target_tag_id
index index_versioned_metadata_items_on_version_media_id
index index_view_settings_on_client_type
index index_view_settings_on_view_group
index media_grabs_on_created_at
index media_grabs_on_metadata_item_id
index media_grabs_on_uuid
index media_provider_resources_on_identifier
index media_provider_resources_on_parent_id
index media_provider_resources_on_type
index media_provider_resources_on_uuid
index media_subscriptions_on_order
index media_subscriptions_on_target_metadata_item_id
index remote_id_translation_on_local_id
index remote_id_translation_on_remote_id
index spellfix_metadata_titles_vocab_index_langid_k2
index spellfix_tag_titles_vocab_index_langid_k2
index sqlite_autoindex_fts4_metadata_titles_icu_segdir_1
index sqlite_autoindex_fts4_metadata_titles_segdir_1
index sqlite_autoindex_fts4_tag_titles_icu_segdir_1
index sqlite_autoindex_fts4_tag_titles_segdir_1
index sqlite_autoindex_locatables_1
index sqlite_autoindex_location_places_1
index sqlite_autoindex_media_stream_settings_1
index unique_schema_migrations
table accounts
table activities
table blobs
table custom_channels
table devices
table directories
table download_queue_items
table download_queues
table external_metadata_items
table external_metadata_sources
table fts4_metadata_titles_docsize
table fts4_metadata_titles_icu_docsize
table fts4_metadata_titles_icu_segdir
table fts4_metadata_titles_icu_segments
table fts4_metadata_titles_icu_stat
table fts4_metadata_titles_segdir
table fts4_metadata_titles_segments
table fts4_metadata_titles_stat
table fts4_tag_titles_docsize
table fts4_tag_titles_icu_docsize
table fts4_tag_titles_icu_segdir
table fts4_tag_titles_icu_segments
table fts4_tag_titles_icu_stat
table fts4_tag_titles_segdir
table fts4_tag_titles_segments
table fts4_tag_titles_stat
table hub_templates
table library_section_permissions
table library_sections
table locatables
table location_places
table locations_node
table locations_parent
table locations_rowid
table media_grabs
table media_item_settings
table media_items
table media_part_settings
table media_parts
table media_provider_resources
table media_stream_settings
table media_streams
table media_subscriptions
table metadata_agent_provider_group_items
table metadata_agent_provider_groups
table metadata_agent_providers
table metadata_item_accounts
table metadata_item_clusterings
table metadata_item_clusters
table metadata_item_setting_markers
table metadata_item_settings
table metadata_item_views
table metadata_items
table metadata_relations
table metadata_subscription_desired_items
table play_queue_generators
table play_queue_items
table play_queues
table plugin_prefixes
table plugins
table preferences
table remote_id_translation
table schema_migrations
table section_locations
table spellfix_metadata_titles_vocab
table spellfix_tag_titles_vocab
table sqlite_sequence
table statistics_bandwidth
table statistics_media
table statistics_resources
table taggings
table tags
table versioned_metadata_items
table view_settings
